Archive member included because of file (symbol)

c:/program files (x86)/gnu tools arm embedded/4.9 2014q4/bin/../lib/gcc/arm-none-eabi/4.9.3/armv6-m\libgcc.a(_udivsi3.o)
                              ./system/src/stm32f0-stdperiph/stm32f0xx_rcc.o (__aeabi_uidiv)
c:/program files (x86)/gnu tools arm embedded/4.9 2014q4/bin/../lib/gcc/arm-none-eabi/4.9.3/armv6-m\libgcc.a(_dvmd_tls.o)
                              c:/program files (x86)/gnu tools arm embedded/4.9 2014q4/bin/../lib/gcc/arm-none-eabi/4.9.3/armv6-m\libgcc.a(_udivsi3.o) (__aeabi_idiv0)
c:/program files (x86)/gnu tools arm embedded/4.9 2014q4/bin/../lib/gcc/arm-none-eabi/4.9.3/../../../../arm-none-eabi/lib/armv6-m\libg_nano.a(lib_a-errno.o)
                              ./system/src/newlib/_sbrk.o (__errno)
c:/program files (x86)/gnu tools arm embedded/4.9 2014q4/bin/../lib/gcc/arm-none-eabi/4.9.3/../../../../arm-none-eabi/lib/armv6-m\libg_nano.a(lib_a-impure.o)
                              c:/program files (x86)/gnu tools arm embedded/4.9 2014q4/bin/../lib/gcc/arm-none-eabi/4.9.3/../../../../arm-none-eabi/lib/armv6-m\libg_nano.a(lib_a-errno.o) (_impure_ptr)

Allocating common symbols
Common symbol       size              file

redReading          0x4               ./src/main.o
errno               0x4               ./system/src/newlib/_syscalls.o
colourReading       0x4               ./src/main.o
blueCommand         0x1               ./src/main.o
blueReading         0x4               ./src/main.o
greenCommand        0x1               ./src/main.o
timerOccured        0x1               ./src/main.o
greenReading        0x4               ./src/main.o
redCommand          0x1               ./src/main.o
currentColour       0x1               ./src/main.o

Discarded input sections

 .group         0x00000000        0x8 ./system/src/stm32f0-stdperiph/stm32f0xx_gpio.o
 .group         0x00000000        0x8 ./system/src/stm32f0-stdperiph/stm32f0xx_gpio.o
 .group         0x00000000        0x8 ./system/src/stm32f0-stdperiph/stm32f0xx_gpio.o
 .group         0x00000000        0x8 ./system/src/stm32f0-stdperiph/stm32f0xx_gpio.o
 .group         0x00000000        0x8 ./system/src/stm32f0-stdperiph/stm32f0xx_gpio.o
 .group         0x00000000        0x8 ./system/src/stm32f0-stdperiph/stm32f0xx_gpio.o
 .group         0x00000000        0x8 ./system/src/stm32f0-stdperiph/stm32f0xx_gpio.o
 .group         0x00000000        0x8 ./system/src/stm32f0-stdperiph/stm32f0xx_gpio.o
 .group         0x00000000        0x8 ./system/src/stm32f0-stdperiph/stm32f0xx_gpio.o
 .group         0x00000000        0x8 ./system/src/stm32f0-stdperiph/stm32f0xx_gpio.o
 .group         0x00000000        0x8 ./system/src/stm32f0-stdperiph/stm32f0xx_gpio.o
 .group         0x00000000        0x8 ./system/src/stm32f0-stdperiph/stm32f0xx_gpio.o
 .group         0x00000000        0x8 ./system/src/stm32f0-stdperiph/stm32f0xx_gpio.o
 .group         0x00000000        0x8 ./system/src/stm32f0-stdperiph/stm32f0xx_gpio.o
 .group         0x00000000        0x8 ./system/src/stm32f0-stdperiph/stm32f0xx_gpio.o
 .group         0x00000000        0x8 ./system/src/stm32f0-stdperiph/stm32f0xx_gpio.o
 .group         0x00000000        0x8 ./system/src/stm32f0-stdperiph/stm32f0xx_gpio.o
 .group         0x00000000        0x8 ./system/src/stm32f0-stdperiph/stm32f0xx_gpio.o
 .group         0x00000000        0x8 ./system/src/stm32f0-stdperiph/stm32f0xx_gpio.o
 .group         0x00000000        0x8 ./system/src/stm32f0-stdperiph/stm32f0xx_gpio.o
 .group         0x00000000        0x8 ./system/src/stm32f0-stdperiph/stm32f0xx_gpio.o
 .group         0x00000000        0x8 ./system/src/stm32f0-stdperiph/stm32f0xx_gpio.o
 .group         0x00000000        0x8 ./system/src/stm32f0-stdperiph/stm32f0xx_gpio.o
 .group         0x00000000        0x8 ./system/src/stm32f0-stdperiph/stm32f0xx_gpio.o
 .group         0x00000000        0x8 ./system/src/stm32f0-stdperiph/stm32f0xx_gpio.o
 .group         0x00000000        0x8 ./system/src/stm32f0-stdperiph/stm32f0xx_gpio.o
 .group         0x00000000        0x8 ./system/src/stm32f0-stdperiph/stm32f0xx_gpio.o
 .group         0x00000000        0x8 ./system/src/stm32f0-stdperiph/stm32f0xx_gpio.o
 .group         0x00000000        0x8 ./system/src/stm32f0-stdperiph/stm32f0xx_gpio.o
 .group         0x00000000        0x8 ./system/src/stm32f0-stdperiph/stm32f0xx_gpio.o
 .text          0x00000000        0x0 ./system/src/stm32f0-stdperiph/stm32f0xx_gpio.o
 .data          0x00000000        0x0 ./system/src/stm32f0-stdperiph/stm32f0xx_gpio.o
 .bss           0x00000000        0x0 ./system/src/stm32f0-stdperiph/stm32f0xx_gpio.o
 .text.GPIO_DeInit
                0x00000000       0xf4 ./system/src/stm32f0-stdperiph/stm32f0xx_gpio.o
 .text.GPIO_Init
                0x00000000      0x11c ./system/src/stm32f0-stdperiph/stm32f0xx_gpio.o
 .text.GPIO_StructInit
                0x00000000       0x18 ./system/src/stm32f0-stdperiph/stm32f0xx_gpio.o
 .text.GPIO_PinLockConfig
[...]
Memory Configuration

Name             Origin             Length             Attributes
RAM              0x20000000         0x00002000         xrw
CCMRAM           0x00000000         0x00000000         xrw
FLASH            0x08000000         0x00010000         xr
FLASHB1          0x00000000         0x00000000         xr
EXTMEMB0         0x00000000         0x00000000         xr
EXTMEMB1         0x00000000         0x00000000         xr
EXTMEMB2         0x00000000         0x00000000         xr
EXTMEMB3         0x00000000         0x00000000         xr
MEMORY_ARRAY     0x00000000         0x00000000         xrw
*default*        0x00000000         0xffffffff

Linker script and memory map

LOAD ./system/src/stm32f0-stdperiph/stm32f0xx_gpio.o
LOAD ./system/src/stm32f0-stdperiph/stm32f0xx_rcc.o
LOAD ./system/src/newlib/_cxx.o
LOAD ./system/src/newlib/_exit.o
LOAD ./system/src/newlib/_sbrk.o
LOAD ./system/src/newlib/_startup.o
LOAD ./system/src/newlib/_syscalls.o
LOAD ./system/src/newlib/assert.o
LOAD ./system/src/diag/Trace.o
LOAD ./system/src/diag/trace_impl.o
LOAD ./system/src/cortexm/_initialize_hardware.o
LOAD ./system/src/cortexm/_reset_hardware.o
LOAD ./system/src/cortexm/exception_handlers.o
LOAD ./system/src/cmsis/system_stm32f0xx.o
LOAD ./system/src/cmsis/vectors_stm32f0xx.o
LOAD ./src/_write.o
LOAD ./src/lcd_stm32f0.o
LOAD ./src/main.o
LOAD ./src/myBot.o
LOAD c:/program files (x86)/gnu tools arm embedded/4.9 2014q4/bin/../lib/gcc/arm-none-eabi/4.9.3/../../../../arm-none-eabi/lib/armv6-m\libstdc++_nano.a
LOAD c:/program files (x86)/gnu tools arm embedded/4.9 2014q4/bin/../lib/gcc/arm-none-eabi/4.9.3/../../../../arm-none-eabi/lib/armv6-m\libm.a
START GROUP
LOAD c:/program files (x86)/gnu tools arm embedded/4.9 2014q4/bin/../lib/gcc/arm-none-eabi/4.9.3/armv6-m\libgcc.a
LOAD c:/program files (x86)/gnu tools arm embedded/4.9 2014q4/bin/../lib/gcc/arm-none-eabi/4.9.3/../../../../arm-none-eabi/lib/armv6-m\libg_nano.a
LOAD c:/program files (x86)/gnu tools arm embedded/4.9 2014q4/bin/../lib/gcc/arm-none-eabi/4.9.3/../../../../arm-none-eabi/lib/armv6-m\libc_nano.a
END GROUP
START GROUP
LOAD c:/program files (x86)/gnu tools arm embedded/4.9 2014q4/bin/../lib/gcc/arm-none-eabi/4.9.3/armv6-m\libgcc.a
LOAD c:/program files (x86)/gnu tools arm embedded/4.9 2014q4/bin/../lib/gcc/arm-none-eabi/4.9.3/../../../../arm-none-eabi/lib/armv6-m\libc_nano.a
END GROUP
                0x20002000                __stack = (ORIGIN (RAM) + 0x2000)
                0x20002000                _estack = __stack
                0x00000400                __Main_Stack_Size = 0x400
                0x00000400                PROVIDE (_Main_Stack_Size, __Main_Stack_Size)
                0x20001c00                __Main_Stack_Limit = (__stack - __Main_Stack_Size)
                0x20001c00                PROVIDE (_Main_Stack_Limit, __Main_Stack_Limit)
                0x00000100                _Minimum_Stack_Size = 0x100
                0x20000054                PROVIDE (_Heap_Begin, _end_noinit)
                0x20001c00                PROVIDE (_Heap_Limit, (__stack - __Main_Stack_Size))

.isr_vector     0x08000000      0x218
 FILL mask 0xff
                0x08000000                __vectors_start = ABSOLUTE (.)
                0x08000000                __vectors_start__ = ABSOLUTE (.)
 *(.isr_vector)
 .isr_vector    0x08000000       0xc4 ./system/src/cmsis/vectors_stm32f0xx.o
                0x08000000                g_pfnVectors
 *(.cfmconfig)
 *(.after_vectors .after_vectors.*)
 .after_vectors
                0x080000c4      0x118 ./system/src/newlib/_startup.o
                0x080000c4                _start
 .after_vectors
                0x080001dc       0x38 ./system/src/cortexm/exception_handlers.o
                0x080001dc                Reset_Handler
                0x080001e4                NMI_Handler
                0x080001e8                HardFault_Handler
                0x08000200                HardFault_Handler_C
                0x08000204                SVC_Handler
                0x08000208                PendSV_Handler
                0x0800020c                SysTick_Handler
 .after_vectors
                0x08000214        0x4 ./system/src/cmsis/vectors_stm32f0xx.o
                0x08000214                TIM1_CC_IRQHandler
                0x08000214                TSC_IRQHandler
                0x08000214                ADC1_COMP_IRQHandler
                0x08000214                PVD_IRQHandler
                0x08000214                I2C1_IRQHandler
                0x08000214                RCC_CRS_IRQHandler
                0x08000214                SPI1_IRQHandler
                0x08000214                TIM6_DAC_IRQHandler
                0x08000214                USART3_4_IRQHandler
                0x08000214                EXTI2_3_IRQHandler
                0x08000214                ADC1_IRQHandler
                0x08000214                I2C2_IRQHandler
                0x08000214                TIM17_IRQHandler
                0x08000214                CEC_CAN_IRQHandler
                0x08000214                RTC_IRQHandler
                0x08000214                PVD_VDDIO2_IRQHandler
                0x08000214                DMA1_Channel4_5_6_7_IRQHandler
                0x08000214                TIM16_IRQHandler
                0x08000214                TIM3_IRQHandler
                0x08000214                EXTI4_15_IRQHandler
                0x08000214                RCC_IRQHandler
                0x08000214                DMA1_Channel1_IRQHandler
                0x08000214                Default_Handler
                0x08000214                CEC_IRQHandler
                0x08000214                TIM14_IRQHandler
                0x08000214                DMA1_Channel4_5_IRQHandler
                0x08000214                TIM7_IRQHandler
                0x08000214                TIM15_IRQHandler
                0x08000214                EXTI0_1_IRQHandler
                0x08000214                USB_IRQHandler
                0x08000214                SPI2_IRQHandler
                0x08000214                TS_IRQHandler
                0x08000214                WWDG_IRQHandler
                0x08000214                DMA1_Channel2_3_IRQHandler
                0x08000214                USART2_IRQHandler
                0x08000214                FLASH_IRQHandler
                0x08000214                USART1_IRQHandler
                0x08000214                TIM1_BRK_UP_TRG_COM_IRQHandler

.inits          0x08000218       0x28
                0x08000218                __data_regions_array_start = .
                0x08000218        0x4 LONG 0x8000f1c LOADADDR (.data)
                0x0800021c        0x4 LONG 0x20000000 ADDR (.data)
                0x08000220        0x4 LONG 0x20000028 (ADDR (.data) + SIZEOF (.data))
                0x08000224        0x4 LONG 0x8000f1c LOADADDR (.data_CCMRAM)
                0x08000228        0x4 LONG 0x0 ADDR (.data_CCMRAM)
                0x0800022c        0x4 LONG 0x0 (ADDR (.data_CCMRAM) + SIZEOF (.data_CCMRAM))
                0x08000230                __data_regions_array_end = .
                0x08000230                __bss_regions_array_start = .
                0x08000230        0x4 LONG 0x20000028 ADDR (.bss)
                0x08000234        0x4 LONG 0x20000054 (ADDR (.bss) + SIZEOF (.bss))
                0x08000238        0x4 LONG 0x0 ADDR (.bss_CCMRAM)
                0x0800023c        0x4 LONG 0x0 (ADDR (.bss_CCMRAM) + SIZEOF (.bss_CCMRAM))
                0x08000240                __bss_regions_array_end = .
 *(.init)
 *(.fini)
                0x08000240                . = ALIGN (0x4)
                0x08000240                PROVIDE (__preinit_array_start, .)
 *(.preinit_array_sysinit .preinit_array_sysinit.*)
 *(.preinit_array_platform .preinit_array_platform.*)
 *(.preinit_array .preinit_array.*)
                0x08000240                PROVIDE (__preinit_array_end, .)
                0x08000240                . = ALIGN (0x4)
                0x08000240                PROVIDE (__init_array_start, .)
 *(SORT(.init_array.*))
 *(.init_array)
                0x08000240                PROVIDE (__init_array_end, .)
                0x08000240                . = ALIGN (0x4)
                0x08000240                PROVIDE (__fini_array_start, .)
 *(SORT(.fini_array.*))
 *(.fini_array)
                0x08000240                PROVIDE (__fini_array_end, .)

.flashtext
 *(.flashtext .flashtext.*)

.text           0x08000240      0xcdc
 *(.text .text.*)
 .text._exit    0x08000240        0x4 ./system/src/newlib/_exit.o
                0x08000240                _exit
 .text.__initialize_args
                0x08000244       0x10 ./system/src/newlib/_syscalls.o
                0x08000244                __initialize_args
 .text.__initialize_hardware_early
                0x08000254        0x8 ./system/src/cortexm/_initialize_hardware.o
                0x08000254                __initialize_hardware_early
 .text.__initialize_hardware
                0x0800025c        0x8 ./system/src/cortexm/_initialize_hardware.o
                0x0800025c                __initialize_hardware
 .text.SetSysClock
                0x08000264       0xb0 ./system/src/cmsis/system_stm32f0xx.o
 .text.SystemInit
                0x08000314       0x64 ./system/src/cmsis/system_stm32f0xx.o
                0x08000314                SystemInit
 .text.SystemCoreClockUpdate
                0x08000378       0x90 ./system/src/cmsis/system_stm32f0xx.o
                0x08000378                SystemCoreClockUpdate
 .text.delay    0x08000408       0x20 ./src/lcd_stm32f0.o
 .text.pulse_strobe
                0x08000428       0x30 ./src/lcd_stm32f0.o
 .text.lcd_put  0x08000458      0x13c ./src/lcd_stm32f0.o
 .text.lcd_command
                0x08000594       0x14 ./src/lcd_stm32f0.o
                0x08000594                lcd_command
 .text.lcd_init
                0x080005a8       0x9c ./src/lcd_stm32f0.o
                0x080005a8                lcd_init
 .text.chooseAction
                0x08000644       0x3c ./src/main.o
                0x08000644                chooseAction
 .text.doAction
                0x08000680       0x38 ./src/main.o
                0x08000680                doAction
 .text.main     0x080006b8      0x430 ./src/main.o
                0x080006b8                main
 .text.TIM2_IRQHandler
                0x08000ae8       0x14 ./src/main.o
                0x08000ae8                TIM2_IRQHandler
 .text.myBot_initializePins
                0x08000afc       0x60 ./src/myBot.o
                0x08000afc                myBot_initializePins
 .text.myBot_initializeBluetooth
                0x08000b5c       0x9c ./src/myBot.o
                0x08000b5c                myBot_initializeBluetooth
 .text.myBot_initializeMotors
                0x08000bf8       0xac ./src/myBot.o
                0x08000bf8                myBot_initializeMotors
 .text.myBot_motors
                0x08000ca4       0x5c ./src/myBot.o
                0x08000ca4                myBot_motors
 .text.myBot_bluetoothReceive
                0x08000d00       0x14 ./src/myBot.o
                0x08000d00                myBot_bluetoothReceive
 .text.myBot_initilizeADC
                0x08000d14       0x98 ./src/myBot.o
                0x08000d14                myBot_initilizeADC
 .text.myBot_TIM2
                0x08000dac       0x40 ./src/myBot.o
                0x08000dac                myBot_TIM2
 .text.myBot_acknowledge_TIM2
                0x08000dec        0xc ./src/myBot.o
                0x08000dec                myBot_acknowledge_TIM2
 .text          0x08000df8      0x120 c:/program files (x86)/gnu tools arm embedded/4.9 2014q4/bin/../lib/gcc/arm-none-eabi/4.9.3/armv6-m\libgcc.a(_udivsi3.o)
                0x08000df8                __aeabi_uidiv
                0x08000df8                __udivsi3
                0x08000f04                __aeabi_uidivmod
 .text          0x08000f18        0x4 c:/program files (x86)/gnu tools arm embedded/4.9 2014q4/bin/../lib/gcc/arm-none-eabi/4.9.3/armv6-m\libgcc.a(_dvmd_tls.o)
                0x08000f18                __aeabi_idiv0
                0x08000f18                __aeabi_ldiv0
 *(.rodata .rodata.* .constdata .constdata.*)
 *(vtable)
 *(.eh_frame*)
 *(.glue_7)
 .glue_7        0x00000000        0x0 linker stubs
 *(.glue_7t)
 .glue_7t       0x00000000        0x0 linker stubs

.vfp11_veneer   0x08000f1c        0x0
 .vfp11_veneer  0x00000000        0x0 linker stubs

.v4_bx          0x08000f1c        0x0
 .v4_bx         0x00000000        0x0 linker stubs

.iplt           0x08000f1c        0x0
 .iplt          0x00000000        0x0 ./system/src/stm32f0-stdperiph/stm32f0xx_gpio.o

.rel.dyn        0x08000f1c        0x0
 .rel.iplt      0x00000000        0x0 ./system/src/stm32f0-stdperiph/stm32f0xx_gpio.o

.ARM.extab
 *(.ARM.extab* .gnu.linkonce.armextab.*)
                0x08000f1c                . = ALIGN (0x4)
                0x08000f1c                __exidx_start = .

.ARM.exidx
 *(.ARM.exidx* .gnu.linkonce.armexidx.*)
                0x08000f1c                __exidx_end = .
                0x08000f1c                . = ALIGN (0x4)
                0x08000f1c                _etext = .
                0x08000f1c                __etext = .

.data_CCMRAM    0x00000000        0x0 load address 0x08000f1c
 FILL mask 0xff
 *(.data.CCMRAM .data.CCMRAM.*)
                0x00000000                . = ALIGN (0x4)
                0x08000f1c                _sidata = LOADADDR (.data)

.data           0x20000000       0x28 load address 0x08000f1c
 FILL mask 0xff
                0x20000000                _sdata = .
                0x20000000                __data_start__ = .
 *(.data_begin .data_begin.*)
 .data_begin    0x20000000        0x4 ./system/src/newlib/_startup.o
 *(.data .data.*)
 .data.argv.4063
                0x20000004        0x8 ./system/src/newlib/_syscalls.o
 .data.AHBPrescTable
                0x2000000c       0x10 ./system/src/cmsis/system_stm32f0xx.o
                0x2000000c                AHBPrescTable
 .data.SystemCoreClock
                0x2000001c        0x4 ./system/src/cmsis/system_stm32f0xx.o
                0x2000001c                SystemCoreClock
 .data.leftSpeed
                0x20000020        0x1 ./src/main.o
                0x20000020                leftSpeed
 .data.rightSpeed
                0x20000021        0x1 ./src/main.o
                0x20000021                rightSpeed
 *(.data_end .data_end.*)
 *fill*         0x20000022        0x2 
 .data_end      0x20000024        0x4 ./system/src/newlib/_startup.o
                0x20000028                . = ALIGN (0x4)
                0x20000028                _edata = .
                0x20000028                __data_end__ = .

.igot.plt       0x20000028        0x0 load address 0x08000f44
 .igot.plt      0x00000000        0x0 ./system/src/stm32f0-stdperiph/stm32f0xx_gpio.o

.bss_CCMRAM     0x00000000        0x0
 *(.bss.CCMRAM .bss.CCMRAM.*)

.bss            0x20000028       0x2c
                0x20000028                __bss_start__ = .
                0x20000028                _sbss = .
 *(.bss_begin .bss_begin.*)
 .bss_begin     0x20000028        0x4 ./system/src/newlib/_startup.o
 *(.bss .bss.*)
 .bss.name.4062
                0x2000002c        0x4 ./system/src/newlib/_syscalls.o
 .bss.spin      0x20000030        0x1 ./src/main.o
                0x20000030                spin
 *(COMMON)
 *fill*         0x20000031        0x3 
 COMMON         0x20000034       0x1a ./src/main.o
                0x20000034                redReading
                0x20000038                colourReading
                0x2000003c                blueCommand
                0x20000040                blueReading
                0x20000044                greenCommand
                0x20000045                timerOccured
                0x20000048                greenReading
                0x2000004c                redCommand
                0x2000004d                currentColour
 *(.bss_end .bss_end.*)
 *fill*         0x2000004e        0x2 
 .bss_end       0x20000050        0x4 ./system/src/newlib/_startup.o
                0x20000054                . = ALIGN (0x4)
                0x20000054                __bss_end__ = .
                0x20000054                _ebss = .

.noinit_CCMRAM
 *(.noinit.CCMRAM .noinit.CCMRAM.*)

.noinit         0x20000054        0x0
                0x20000054                _noinit = .
 *(.noinit .noinit.*)
                0x20000054                . = ALIGN (0x4)
                0x20000054                _end_noinit = .
                0x20000054                PROVIDE (end, _end_noinit)
                0x20000054                PROVIDE (_end, _end_noinit)
                0x20000054                PROVIDE (__end, _end_noinit)
                0x20000054                PROVIDE (__end__, _end_noinit)

._check_stack   0x20000054      0x100
                0x20000154                . = (. + _Minimum_Stack_Size)
 *fill*         0x20000054      0x100 

.b1text
 *(.b1text)
 *(.b1rodata)
 *(.b1rodata.*)

.eb0text
 *(.eb0text)
 *(.eb0rodata)
 *(.eb0rodata.*)

.eb1text
 *(.eb1text)
 *(.eb1rodata)
 *(.eb1rodata.*)

.eb2text
 *(.eb2text)
 *(.eb2rodata)
 *(.eb2rodata.*)

.eb3text
 *(.eb3text)
 *(.eb3rodata)
 *(.eb3rodata.*)

.stab
 *(.stab)

.stabstr
 *(.stabstr)

.stab.excl
 *(.stab.excl)

.stab.exclstr
 *(.stab.exclstr)

.stab.index
 *(.stab.index)

.stab.indexstr
 *(.stab.indexstr)

.comment        0x00000000       0x70
 *(.comment)
 .comment       0x00000000       0x70 ./system/src/newlib/_exit.o
                                 0x71 (size before relaxing)
 .comment       0x00000000       0x71 ./system/src/newlib/_startup.o
 .comment       0x00000000       0x71 ./system/src/newlib/_syscalls.o
 .comment       0x00000000       0x71 ./system/src/cortexm/_initialize_hardware.o
 .comment       0x00000000       0x71 ./system/src/cortexm/exception_handlers.o
 .comment       0x00000000       0x71 ./system/src/cmsis/system_stm32f0xx.o
 .comment       0x00000000       0x71 ./system/src/cmsis/vectors_stm32f0xx.o
 .comment       0x00000000       0x71 ./src/lcd_stm32f0.o
 .comment       0x00000000       0x71 ./src/main.o
 .comment       0x00000000       0x71 ./src/myBot.o

.ARM.attributes
                0x00000000       0x31
 .ARM.attributes
                0x00000000       0x31 ./system/src/newlib/_exit.o
 .ARM.attributes
                0x00000031       0x31 ./system/src/newlib/_startup.o
 .ARM.attributes
                0x00000062       0x31 ./system/src/newlib/_syscalls.o
 .ARM.attributes
                0x00000093       0x31 ./system/src/cortexm/_initialize_hardware.o
 .ARM.attributes
                0x000000c4       0x31 ./system/src/cortexm/exception_handlers.o
 .ARM.attributes
                0x000000f5       0x31 ./system/src/cmsis/system_stm32f0xx.o
 .ARM.attributes
                0x00000126       0x31 ./system/src/cmsis/vectors_stm32f0xx.o
 .ARM.attributes
                0x00000157       0x31 ./src/lcd_stm32f0.o
 .ARM.attributes
                0x00000188       0x31 ./src/main.o
 .ARM.attributes
                0x000001b9       0x31 ./src/myBot.o
 .ARM.attributes
                0x000001ea       0x1e c:/program files (x86)/gnu tools arm embedded/4.9 2014q4/bin/../lib/gcc/arm-none-eabi/4.9.3/armv6-m\libgcc.a(_udivsi3.o)
 .ARM.attributes
                0x00000208       0x1e c:/program files (x86)/gnu tools arm embedded/4.9 2014q4/bin/../lib/gcc/arm-none-eabi/4.9.3/armv6-m\libgcc.a(_dvmd_tls.o)

.debug
 *(.debug)

.line
 *(.line)

.debug_srcinfo
 *(.debug_srcinfo)

.debug_sfnames
 *(.debug_sfnames)

.debug_aranges  0x00000000      0x260
 *(.debug_aranges)
 .debug_aranges
                0x00000000       0x28 ./system/src/newlib/_exit.o
 .debug_aranges
                0x00000028       0x40 ./system/src/newlib/_startup.o
 .debug_aranges
                0x00000068       0x30 ./system/src/newlib/_syscalls.o
 .debug_aranges
                0x00000098       0x28 ./system/src/cortexm/_initialize_hardware.o
 .debug_aranges
                0x000000c0       0x50 ./system/src/cortexm/exception_handlers.o
 .debug_aranges
                0x00000110       0x30 ./system/src/cmsis/system_stm32f0xx.o
 .debug_aranges
                0x00000140       0x20 ./system/src/cmsis/vectors_stm32f0xx.o
 .debug_aranges
                0x00000160       0x68 ./src/lcd_stm32f0.o
 .debug_aranges
                0x000001c8       0x38 ./src/main.o
 .debug_aranges
                0x00000200       0x60 ./src/myBot.o

.debug_pubnames
 *(.debug_pubnames)

.debug_info     0x00000000     0x255c
 *(.debug_info .gnu.linkonce.wi.*)
 .debug_info    0x00000000       0xee ./system/src/newlib/_exit.o
 .debug_info    0x000000ee      0x474 ./system/src/newlib/_startup.o
 .debug_info    0x00000562      0x1bc ./system/src/newlib/_syscalls.o
 .debug_info    0x0000071e       0xc3 ./system/src/cortexm/_initialize_hardware.o
 .debug_info    0x000007e1      0x1b5 ./system/src/cortexm/exception_handlers.o
 .debug_info    0x00000996      0x2e8 ./system/src/cmsis/system_stm32f0xx.o
 .debug_info    0x00000c7e       0xd1 ./system/src/cmsis/vectors_stm32f0xx.o
 .debug_info    0x00000d4f      0x676 ./src/lcd_stm32f0.o
 .debug_info    0x000013c5      0x83f ./src/main.o
 .debug_info    0x00001c04      0x958 ./src/myBot.o

.debug_abbrev   0x00000000      0xbef
 *(.debug_abbrev)
 .debug_abbrev  0x00000000       0xb7 ./system/src/newlib/_exit.o
 .debug_abbrev  0x000000b7      0x1e9 ./system/src/newlib/_startup.o
 .debug_abbrev  0x000002a0       0xee ./system/src/newlib/_syscalls.o
 .debug_abbrev  0x0000038e       0x63 ./system/src/cortexm/_initialize_hardware.o
 .debug_abbrev  0x000003f1       0xfd ./system/src/cortexm/exception_handlers.o
 .debug_abbrev  0x000004ee      0x146 ./system/src/cmsis/system_stm32f0xx.o
 .debug_abbrev  0x00000634       0x9d ./system/src/cmsis/vectors_stm32f0xx.o
 .debug_abbrev  0x000006d1      0x1a6 ./src/lcd_stm32f0.o
 .debug_abbrev  0x00000877      0x1b4 ./src/main.o
 .debug_abbrev  0x00000a2b      0x1c4 ./src/myBot.o

.debug_line     0x00000000     0x24f1
 *(.debug_line)
 .debug_line    0x00000000      0x2c0 ./system/src/newlib/_exit.o
 .debug_line    0x000002c0      0x322 ./system/src/newlib/_startup.o
 .debug_line    0x000005e2      0x373 ./system/src/newlib/_syscalls.o
 .debug_line    0x00000955      0x382 ./system/src/cortexm/_initialize_hardware.o
 .debug_line    0x00000cd7      0x5e8 ./system/src/cortexm/exception_handlers.o
 .debug_line    0x000012bf      0x3c0 ./system/src/cmsis/system_stm32f0xx.o
 .debug_line    0x0000167f      0x108 ./system/src/cmsis/vectors_stm32f0xx.o
 .debug_line    0x00001787      0x499 ./src/lcd_stm32f0.o
 .debug_line    0x00001c20      0x4a0 ./src/main.o
 .debug_line    0x000020c0      0x431 ./src/myBot.o

.debug_frame    0x00000000      0x4b0
 *(.debug_frame)
 .debug_frame   0x00000000       0x38 ./system/src/newlib/_exit.o
 .debug_frame   0x00000038       0x80 ./system/src/newlib/_startup.o
 .debug_frame   0x000000b8       0x50 ./system/src/newlib/_syscalls.o
 .debug_frame   0x00000108       0x40 ./system/src/cortexm/_initialize_hardware.o
 .debug_frame   0x00000148       0x88 ./system/src/cortexm/exception_handlers.o
 .debug_frame   0x000001d0       0x54 ./system/src/cmsis/system_stm32f0xx.o
 .debug_frame   0x00000224       0x20 ./system/src/cmsis/vectors_stm32f0xx.o
 .debug_frame   0x00000244      0x114 ./src/lcd_stm32f0.o
 .debug_frame   0x00000358       0x7c ./src/main.o
 .debug_frame   0x000003d4       0xbc ./src/myBot.o
 .debug_frame   0x00000490       0x20 c:/program files (x86)/gnu tools arm embedded/4.9 2014q4/bin/../lib/gcc/arm-none-eabi/4.9.3/armv6-m\libgcc.a(_udivsi3.o)

.debug_str      0x00000000    0x4449b
 *(.debug_str)
 .debug_str     0x00000000     0x5bb0 ./system/src/newlib/_exit.o
                               0x5ccb (size before relaxing)
 .debug_str     0x00005bb0      0xbc3 ./system/src/newlib/_startup.o
                               0x4013 (size before relaxing)
 .debug_str     0x00006773     0x10a9 ./system/src/newlib/_syscalls.o
                               0x5efd (size before relaxing)
 .debug_str     0x0000781c    0x3c1f4 ./system/src/cortexm/_initialize_hardware.o
                              0x3f0ba (size before relaxing)
 .debug_str     0x00043a10      0x15f ./system/src/cortexm/exception_handlers.o
                              0x428f8 (size before relaxing)
 .debug_str     0x00043b6f      0x118 ./system/src/cmsis/system_stm32f0xx.o
                              0x3f168 (size before relaxing)
 .debug_str     0x00043c87       0x56 ./system/src/cmsis/vectors_stm32f0xx.o
                               0x2f30 (size before relaxing)
 .debug_str     0x00043cdd      0x210 ./src/lcd_stm32f0.o
                              0x3f2b8 (size before relaxing)
 .debug_str     0x00043eed      0x2d9 ./src/main.o
                              0x3f391 (size before relaxing)
 .debug_str     0x000441c6      0x2d5 ./src/myBot.o
                              0x3f4f3 (size before relaxing)

.debug_loc      0x00000000      0xcab
 *(.debug_loc)
 .debug_loc     0x00000000      0x265 ./system/src/newlib/_startup.o
 .debug_loc     0x00000265       0x63 ./system/src/newlib/_syscalls.o
 .debug_loc     0x000002c8       0xe2 ./system/src/cmsis/system_stm32f0xx.o
 .debug_loc     0x000003aa      0x269 ./src/lcd_stm32f0.o
 .debug_loc     0x00000613      0x57f ./src/main.o
 .debug_loc     0x00000b92      0x119 ./src/myBot.o

.debug_macinfo
 *(.debug_macinfo)

.debug_weaknames
 *(.debug_weaknames)

.debug_funcnames
 *(.debug_funcnames)

.debug_typenames
 *(.debug_typenames)

.debug_varnames
 *(.debug_varnames)
OUTPUT(myBot.elf elf32-littlearm)

.debug_ranges   0x00000000      0x1f0
 .debug_ranges  0x00000000       0x18 ./system/src/newlib/_exit.o
 .debug_ranges  0x00000018       0x48 ./system/src/newlib/_startup.o
 .debug_ranges  0x00000060       0x20 ./system/src/newlib/_syscalls.o
 .debug_ranges  0x00000080       0x18 ./system/src/cortexm/_initialize_hardware.o
 .debug_ranges  0x00000098       0x40 ./system/src/cortexm/exception_handlers.o
 .debug_ranges  0x000000d8       0x20 ./system/src/cmsis/system_stm32f0xx.o
 .debug_ranges  0x000000f8       0x10 ./system/src/cmsis/vectors_stm32f0xx.o
 .debug_ranges  0x00000108       0x58 ./src/lcd_stm32f0.o
 .debug_ranges  0x00000160       0x40 ./src/main.o
 .debug_ranges  0x000001a0       0x50 ./src/myBot.o

.debug_macro    0x00000000     0x18ab
 .debug_macro   0x00000000      0x128 ./system/src/newlib/_exit.o
 .debug_macro   0x00000128       0x9c ./system/src/newlib/_exit.o
 .debug_macro   0x000001c4      0x10e ./system/src/newlib/_exit.o
 .debug_macro   0x000002d2       0x86 ./system/src/newlib/_exit.o
 .debug_macro   0x00000358       0x43 ./system/src/newlib/_exit.o
 .debug_macro   0x0000039b       0x35 ./system/src/newlib/_exit.o
 .debug_macro   0x000003d0      0x27a ./system/src/newlib/_exit.o
 .debug_macro   0x0000064a       0xdb ./system/src/newlib/_startup.o
 .debug_macro   0x00000725      0x17c ./system/src/newlib/_syscalls.o
 .debug_macro   0x000008a1       0x1c ./system/src/newlib/_syscalls.o
 .debug_macro   0x000008bd       0x10 ./system/src/newlib/_syscalls.o
 .debug_macro   0x000008cd       0x10 ./system/src/newlib/_syscalls.o
 .debug_macro   0x000008dd       0x10 ./system/src/newlib/_syscalls.o
 .debug_macro   0x000008ed       0x35 ./system/src/newlib/_syscalls.o
 .debug_macro   0x00000922      0x121 ./system/src/newlib/_syscalls.o
 .debug_macro   0x00000a43       0x22 ./system/src/newlib/_syscalls.o
 .debug_macro   0x00000a65       0x2b ./system/src/newlib/_syscalls.o
 .debug_macro   0x00000a90      0x118 ./system/src/newlib/_syscalls.o
 .debug_macro   0x00000ba8      0x13e ./system/src/newlib/_syscalls.o
 .debug_macro   0x00000ce6       0x16 ./system/src/newlib/_syscalls.o
 .debug_macro   0x00000cfc      0x165 ./system/src/cortexm/_initialize_hardware.o
 .debug_macro   0x00000e61      0x285 ./system/src/cortexm/exception_handlers.o
 .debug_macro   0x000010e6       0x3b ./system/src/cortexm/exception_handlers.o
 .debug_macro   0x00001121       0x22 ./system/src/cortexm/exception_handlers.o
 .debug_macro   0x00001143       0x10 ./system/src/cortexm/exception_handlers.o
 .debug_macro   0x00001153       0xc8 ./system/src/cortexm/exception_handlers.o
 .debug_macro   0x0000121b       0xbe ./system/src/cortexm/exception_handlers.o
 .debug_macro   0x000012d9       0x10 ./system/src/cortexm/exception_handlers.o
 .debug_macro   0x000012e9      0x15b ./system/src/cmsis/system_stm32f0xx.o
 .debug_macro   0x00001444       0x34 ./system/src/cmsis/vectors_stm32f0xx.o
 .debug_macro   0x00001478      0x15f ./src/lcd_stm32f0.o
 .debug_macro   0x000015d7      0x16f ./src/main.o
 .debug_macro   0x00001746      0x165 ./src/myBot.o
